C51 COMPILER V9.59.0.0   PID                                                               10/27/2019 12:36:19 PAGE 1   


C51 COMPILER V9.59.0.0, COMPILATION OF MODULE PID
OBJECT MODULE PLACED IN .\Objects\PID.obj
COMPILER INVOKED BY: C:\Keil_v5\C51\BIN\C51.EXE HARDWARE\PID.c LARGE WARNINGLEVEL(0) OPTIMIZE(8,SPEED) BROWSE INCDIR(.\H
                    -ARDWARE;.\LIB) DEBUG OBJECTEXTEND CODE NOCOND PRINT(.\Listings\PID.lst) TABS(2) OBJECT(.\Objects\PID.obj)

line level    source

   1          #include "STC15.h"
   2          #include "IO.h"
   3          #include "MOTOR.h"
   4          #include "SERVO.h"
   5          #include "SENSOR.h"
   6          #include "PID.h"
   7          
   8          //PID Paras
   9          float PID_KP;
  10          float PID_KI;
  11          float PID_KD;
  12          int pid_e;
  13          int pid_le;
  14          
  15          //Data for Apply
  16          u8 PID_ServoAngle = SERVO_MID_ANGLE;
  17          int PID_LeftMotorPWM = MOTOR_MAX_PWM;
  18          int PID_RightMotorPWM = MOTOR_MAX_PWM;
  19          
  20          void PID_Setup(float kp, float ki, float kd)
  21          {
  22   1        PID_KP = kp;
  23   1        PID_KI = ki;
  24   1        PID_KD = kd;
  25   1        pid_e = 0;
  26   1        pid_le = 0;
  27   1      }
  28          
  29          void PID_Calc(int sensorData)
  30          {
  31   1        PID_LeftMotorPWM = MOTOR_MAX_PWM;
  32   1        PID_RightMotorPWM = MOTOR_MAX_PWM;
  33   1        pid_e = sensorData;
  34   1        PID_ServoAngle += (char)(PID_KP * (pid_e - pid_le) + PID_KI * pid_e);
  35   1        pid_le = pid_e;
  36   1        PID_ServoAngle = PID_ServoAngle > PID_MAX_ANGLE ? PID_MAX_ANGLE : (PID_ServoAngle < PID_MIN_ANGLE ? PID_M
             -IN_ANGLE : PID_ServoAngle);
  37   1        //Motor Auto Suit
  38   1        PID_LeftMotorPWM -= absInt(PID_ServoAngle - SERVO_MID_ANGLE) / 2;
  39   1        PID_RightMotorPWM -= absInt(PID_ServoAngle - SERVO_MID_ANGLE) / 2;
  40   1      }
C51 COMPILER V9.59.0.0   PID                                                               10/27/2019 12:36:19 PAGE 2   

ASSEMBLY LISTING OF GENERATED OBJECT CODE


             ; FUNCTION _PID_Setup (BEGIN)
                                           ; SOURCE LINE # 20
;---- Variable 'kp' assigned to Register 'R4/R5/R6/R7' ----
                                           ; SOURCE LINE # 21
                                           ; SOURCE LINE # 22
0000 900000      R     MOV     DPTR,#PID_KP
0003 120000      E     LCALL   ?C?LSTXDATA
                                           ; SOURCE LINE # 23
0006 900000      R     MOV     DPTR,#ki
0009 E0                MOVX    A,@DPTR
000A FC                MOV     R4,A
000B A3                INC     DPTR
000C E0                MOVX    A,@DPTR
000D FD                MOV     R5,A
000E A3                INC     DPTR
000F E0                MOVX    A,@DPTR
0010 FE                MOV     R6,A
0011 A3                INC     DPTR
0012 E0                MOVX    A,@DPTR
0013 FF                MOV     R7,A
0014 900000      R     MOV     DPTR,#PID_KI
0017 120000      E     LCALL   ?C?LSTXDATA
                                           ; SOURCE LINE # 24
001A 900000      R     MOV     DPTR,#kd
001D E0                MOVX    A,@DPTR
001E FC                MOV     R4,A
001F A3                INC     DPTR
0020 E0                MOVX    A,@DPTR
0021 FD                MOV     R5,A
0022 A3                INC     DPTR
0023 E0                MOVX    A,@DPTR
0024 FE                MOV     R6,A
0025 A3                INC     DPTR
0026 E0                MOVX    A,@DPTR
0027 FF                MOV     R7,A
0028 900000      R     MOV     DPTR,#PID_KD
002B 120000      E     LCALL   ?C?LSTXDATA
                                           ; SOURCE LINE # 25
002E E4                CLR     A
002F 900000      R     MOV     DPTR,#pid_e
0032 F0                MOVX    @DPTR,A
0033 A3                INC     DPTR
0034 F0                MOVX    @DPTR,A
                                           ; SOURCE LINE # 26
0035 900000      R     MOV     DPTR,#pid_le
0038 F0                MOVX    @DPTR,A
0039 A3                INC     DPTR
003A F0                MOVX    @DPTR,A
                                           ; SOURCE LINE # 27
003B 22                RET     
             ; FUNCTION _PID_Setup (END)

             ; FUNCTION _PID_Calc (BEGIN)
                                           ; SOURCE LINE # 29
;---- Variable 'sensorData' assigned to Register 'R6/R7' ----
                                           ; SOURCE LINE # 30
                                           ; SOURCE LINE # 31
0000 900000      R     MOV     DPTR,#PID_LeftMotorPWM
0003 E4                CLR     A
C51 COMPILER V9.59.0.0   PID                                                               10/27/2019 12:36:19 PAGE 3   

0004 F0                MOVX    @DPTR,A
0005 A3                INC     DPTR
0006 7450              MOV     A,#050H
0008 F0                MOVX    @DPTR,A
                                           ; SOURCE LINE # 32
0009 900000      R     MOV     DPTR,#PID_RightMotorPWM
000C E4                CLR     A
000D F0                MOVX    @DPTR,A
000E A3                INC     DPTR
000F 7450              MOV     A,#050H
0011 F0                MOVX    @DPTR,A
                                           ; SOURCE LINE # 33
0012 900000      R     MOV     DPTR,#pid_e
0015 EE                MOV     A,R6
0016 F0                MOVX    @DPTR,A
0017 A3                INC     DPTR
0018 EF                MOV     A,R7
0019 F0                MOVX    @DPTR,A
                                           ; SOURCE LINE # 34
001A 900000      R     MOV     DPTR,#pid_le
001D E0                MOVX    A,@DPTR
001E FC                MOV     R4,A
001F A3                INC     DPTR
0020 E0                MOVX    A,@DPTR
0021 FD                MOV     R5,A
0022 C3                CLR     C
0023 EF                MOV     A,R7
0024 9D                SUBB    A,R5
0025 FD                MOV     R5,A
0026 EE                MOV     A,R6
0027 9C                SUBB    A,R4
0028 FC                MOV     R4,A
0029 120000      E     LCALL   ?C?FCASTI
002C 900000      R     MOV     DPTR,#PID_KP
002F E0                MOVX    A,@DPTR
0030 F8                MOV     R0,A
0031 A3                INC     DPTR
0032 E0                MOVX    A,@DPTR
0033 F9                MOV     R1,A
0034 A3                INC     DPTR
0035 E0                MOVX    A,@DPTR
0036 FA                MOV     R2,A
0037 A3                INC     DPTR
0038 E0                MOVX    A,@DPTR
0039 FB                MOV     R3,A
003A 120000      E     LCALL   ?C?FPMUL
003D C004              PUSH    AR4
003F C005              PUSH    AR5
0041 C006              PUSH    AR6
0043 C007              PUSH    AR7
0045 900000      R     MOV     DPTR,#pid_e
0048 E0                MOVX    A,@DPTR
0049 FC                MOV     R4,A
004A A3                INC     DPTR
004B E0                MOVX    A,@DPTR
004C FD                MOV     R5,A
004D EC                MOV     A,R4
004E 120000      E     LCALL   ?C?FCASTI
0051 900000      R     MOV     DPTR,#PID_KI
0054 E0                MOVX    A,@DPTR
0055 F8                MOV     R0,A
0056 A3                INC     DPTR
C51 COMPILER V9.59.0.0   PID                                                               10/27/2019 12:36:19 PAGE 4   

0057 E0                MOVX    A,@DPTR
0058 F9                MOV     R1,A
0059 A3                INC     DPTR
005A E0                MOVX    A,@DPTR
005B FA                MOV     R2,A
005C A3                INC     DPTR
005D E0                MOVX    A,@DPTR
005E FB                MOV     R3,A
005F 120000      E     LCALL   ?C?FPMUL
0062 D003              POP     AR3
0064 D002              POP     AR2
0066 D001              POP     AR1
0068 D000              POP     AR0
006A 120000      E     LCALL   ?C?FPADD
006D 120000      E     LCALL   ?C?CASTF
0070 900000      R     MOV     DPTR,#PID_ServoAngle
0073 E0                MOVX    A,@DPTR
0074 2F                ADD     A,R7
0075 F0                MOVX    @DPTR,A
                                           ; SOURCE LINE # 35
0076 900000      R     MOV     DPTR,#pid_e
0079 E0                MOVX    A,@DPTR
007A FF                MOV     R7,A
007B A3                INC     DPTR
007C E0                MOVX    A,@DPTR
007D 900000      R     MOV     DPTR,#pid_le
0080 CF                XCH     A,R7
0081 F0                MOVX    @DPTR,A
0082 A3                INC     DPTR
0083 EF                MOV     A,R7
0084 F0                MOVX    @DPTR,A
                                           ; SOURCE LINE # 36
0085 900000      R     MOV     DPTR,#PID_ServoAngle
0088 E0                MOVX    A,@DPTR
0089 FF                MOV     R7,A
008A 7E00              MOV     R6,#00H
008C D3                SETB    C
008D 9491              SUBB    A,#091H
008F 7480              MOV     A,#080H
0091 9480              SUBB    A,#080H
0093 4008              JC      ?C0002
0095 7C00              MOV     R4,#00H
0097 7D91              MOV     R5,#091H
0099 7F91              MOV     R7,#091H
009B 8014              SJMP    ?C0003
009D         ?C0002:
009D C3                CLR     C
009E EF                MOV     A,R7
009F 9423              SUBB    A,#023H
00A1 EE                MOV     A,R6
00A2 6480              XRL     A,#080H
00A4 9480              SUBB    A,#080H
00A6 5004              JNC     ?C0004
00A8 7F23              MOV     R7,#023H
00AA 8005              SJMP    ?C0005
00AC         ?C0004:
00AC 900000      R     MOV     DPTR,#PID_ServoAngle
00AF E0                MOVX    A,@DPTR
00B0 FF                MOV     R7,A
00B1         ?C0005:
00B1         ?C0003:
00B1 900000      R     MOV     DPTR,#PID_ServoAngle
C51 COMPILER V9.59.0.0   PID                                                               10/27/2019 12:36:19 PAGE 5   

00B4 EF                MOV     A,R7
00B5 F0                MOVX    @DPTR,A
                                           ; SOURCE LINE # 38
00B6 24A6              ADD     A,#0A6H
00B8 FF                MOV     R7,A
00B9 E4                CLR     A
00BA 34FF              ADDC    A,#0FFH
00BC FE                MOV     R6,A
00BD 120000      E     LCALL   _absInt
00C0 7C00              MOV     R4,#00H
00C2 7D02              MOV     R5,#02H
00C4 120000      E     LCALL   ?C?SIDIV
00C7 C3                CLR     C
00C8 900000      R     MOV     DPTR,#PID_LeftMotorPWM+01H
00CB E0                MOVX    A,@DPTR
00CC 9F                SUBB    A,R7
00CD F0                MOVX    @DPTR,A
00CE 900000      R     MOV     DPTR,#PID_LeftMotorPWM
00D1 E0                MOVX    A,@DPTR
00D2 9E                SUBB    A,R6
00D3 F0                MOVX    @DPTR,A
                                           ; SOURCE LINE # 39
00D4 900000      R     MOV     DPTR,#PID_ServoAngle
00D7 E0                MOVX    A,@DPTR
00D8 24A6              ADD     A,#0A6H
00DA FF                MOV     R7,A
00DB E4                CLR     A
00DC 34FF              ADDC    A,#0FFH
00DE FE                MOV     R6,A
00DF 120000      E     LCALL   _absInt
00E2 7C00              MOV     R4,#00H
00E4 7D02              MOV     R5,#02H
00E6 120000      E     LCALL   ?C?SIDIV
00E9 C3                CLR     C
00EA 900000      R     MOV     DPTR,#PID_RightMotorPWM+01H
00ED E0                MOVX    A,@DPTR
00EE 9F                SUBB    A,R7
00EF F0                MOVX    @DPTR,A
00F0 900000      R     MOV     DPTR,#PID_RightMotorPWM
00F3 E0                MOVX    A,@DPTR
00F4 9E                SUBB    A,R6
00F5 F0                MOVX    @DPTR,A
                                           ; SOURCE LINE # 40
00F6 22                RET     
             ; FUNCTION _PID_Calc (END)



MODULE INFORMATION:   STATIC OVERLAYABLE
   CODE SIZE        =    307    ----
   CONSTANT SIZE    =   ----    ----
   XDATA SIZE       =     21      12
   PDATA SIZE       =   ----    ----
   DATA SIZE        =   ----    ----
   IDATA SIZE       =   ----    ----
   BIT SIZE         =   ----    ----
END OF MODULE INFORMATION.


C51 COMPILATION COMPLETE.  0 WARNING(S),  0 ERROR(S)
