C51 COMPILER V9.59.0.0   SERVO                                                             10/27/2019 12:36:18 PAGE 1   


C51 COMPILER V9.59.0.0, COMPILATION OF MODULE SERVO
OBJECT MODULE PLACED IN .\Objects\SERVO.obj
COMPILER INVOKED BY: C:\Keil_v5\C51\BIN\C51.EXE HARDWARE\SERVO.c LARGE WARNINGLEVEL(0) OPTIMIZE(8,SPEED) BROWSE INCDIR(.
                    -\HARDWARE;.\LIB) DEBUG OBJECTEXTEND CODE NOCOND PRINT(.\Listings\SERVO.lst) TABS(2) OBJECT(.\Objects\SERVO.obj)

line level    source

   1          /*
   2          ---- Servo Control Module ----
   3          Author: Zhang Muhua
   4          Date: 2019.2.9 
   5          ----------------------------
   6          */
   7          #include "STC15.h"
   8          #include "IO.h"
   9          #include "STDFUNC.h"
  10          #include "SERVO.h"
  11          
  12          int servoAngle;
  13          int servoHighFreq;
  14          
  15          //1.5ms@30.000Mhz
  16          void Timer0Init(void)
  17          {
  18   1        ET0 = 0;
  19   1        TR0 = 0;
  20   1        AUXR |= 0x80;
  21   1        TMOD &= 0xF0;
  22   1        TL0 = 0x38;
  23   1        TH0 = 0x50;
  24   1        TF0 = 0;
  25   1        ET0 = 1;
  26   1        EA = 1;
  27   1      }
  28          
  29          //20ms @30.000Mhz
  30          void Timer2Init(void)
  31          {
  32   1        AUXR &= 0xFB;
  33   1        T2L = 0xB0;
  34   1        T2H = 0x3C;
  35   1        IE2 |= 0x04;
  36   1        EA = 1;
  37   1      }
  38          
  39          //Timer0 ISP
  40          void Timer0_ISP() interrupt 1
  41          {
  42   1        servoPin = 0;
  43   1        TR0 = 0;
  44   1      }
  45          
  46          //Timer2 ISP
  47          void Timer2_ISP() interrupt 12
  48          {
  49   1        servoPin = 1;
  50   1        TR0 = 1;
  51   1      }
  52          
  53          //Attach Servo
  54          void Servo_Attach()
C51 COMPILER V9.59.0.0   SERVO                                                             10/27/2019 12:36:18 PAGE 2   

  55          {
  56   1        //Setup Servo
  57   1        servoAngle = 0;
  58   1        //Setup IO Mode
  59   1        pinMode(SERVO_IO_GROUP, SERVO_IO_NUMBER, OUTPUT_PP);
  60   1        digitalWrite(OUTPUT_PP, SERVO_IO_GROUP, SERVO_IO_NUMBER, 0);
  61   1        //Setup Timer0 et Timer2
  62   1        Timer0Init();
  63   1        Timer2Init();
  64   1        //Reset Servo Angle
  65   1        Servo_SetAngle(SERVO_MID_ANGLE);
  66   1      }
  67          
  68          //Set Servo Angle
  69          void Servo_SetAngle(u8 Angle)
  70          {
  71   1        if (Angle < SERVO_MIN_ANGLE || Angle > SERVO_MAX_ANGLE || Angle == servoAngle)
  72   1          return;
  73   1        //Timer Stop
  74   1        TR0 = 0;
  75   1        AUXR &= ~0x10;
  76   1        //Set Servo Timer
  77   1        servoPin = 0;
  78   1        servoAngle = Angle;
  79   1        servoHighFreq = 100000L / ((servoAngle * 10) / 9 + 50);
  80   1        if (Angle == SERVO_MID_ANGLE)
  81   1        {
  82   2          TL0 = 0x38;
  83   2          TH0 = 0x50;
  84   2        }
  85   1        else
  86   1        {
  87   2          TL0 = (65536 - (long)(FOSC / 1 / servoHighFreq)) % 256;
  88   2          TH0 = (65536 - (long)(FOSC / 1 / servoHighFreq)) / 256;
  89   2        }
  90   1        servoPin = 1;
  91   1        //Timer Start
  92   1        TR0 = 1;
  93   1        AUXR |= 0x10;
  94   1      }
C51 COMPILER V9.59.0.0   SERVO                                                             10/27/2019 12:36:18 PAGE 3   

ASSEMBLY LISTING OF GENERATED OBJECT CODE


             ; FUNCTION Timer0Init (BEGIN)
                                           ; SOURCE LINE # 16
                                           ; SOURCE LINE # 17
                                           ; SOURCE LINE # 18
0000 C2A9              CLR     ET0
                                           ; SOURCE LINE # 19
0002 C28C              CLR     TR0
                                           ; SOURCE LINE # 20
0004 438E80            ORL     AUXR,#080H
                                           ; SOURCE LINE # 21
0007 5389F0            ANL     TMOD,#0F0H
                                           ; SOURCE LINE # 22
000A 758A38            MOV     TL0,#038H
                                           ; SOURCE LINE # 23
000D 758C50            MOV     TH0,#050H
                                           ; SOURCE LINE # 24
0010 C28D              CLR     TF0
                                           ; SOURCE LINE # 25
0012 D2A9              SETB    ET0
                                           ; SOURCE LINE # 26
0014 D2AF              SETB    EA
                                           ; SOURCE LINE # 27
0016 22                RET     
             ; FUNCTION Timer0Init (END)

             ; FUNCTION Timer2Init (BEGIN)
                                           ; SOURCE LINE # 30
                                           ; SOURCE LINE # 31
                                           ; SOURCE LINE # 32
0000 538EFB            ANL     AUXR,#0FBH
                                           ; SOURCE LINE # 33
0003 75D7B0            MOV     T2L,#0B0H
                                           ; SOURCE LINE # 34
0006 75D63C            MOV     T2H,#03CH
                                           ; SOURCE LINE # 35
0009 43AF04            ORL     IE2,#04H
                                           ; SOURCE LINE # 36
000C D2AF              SETB    EA
                                           ; SOURCE LINE # 37
000E 22                RET     
             ; FUNCTION Timer2Init (END)

             ; FUNCTION Timer0_ISP (BEGIN)
                                           ; SOURCE LINE # 40
                                           ; SOURCE LINE # 42
0000 C2C5              CLR     servoPin
                                           ; SOURCE LINE # 43
0002 C28C              CLR     TR0
                                           ; SOURCE LINE # 44
0004 32                RETI    
             ; FUNCTION Timer0_ISP (END)

             ; FUNCTION Timer2_ISP (BEGIN)
                                           ; SOURCE LINE # 47
                                           ; SOURCE LINE # 49
0000 D2C5              SETB    servoPin
                                           ; SOURCE LINE # 50
0002 D28C              SETB    TR0
                                           ; SOURCE LINE # 51
C51 COMPILER V9.59.0.0   SERVO                                                             10/27/2019 12:36:18 PAGE 4   

0004 32                RETI    
             ; FUNCTION Timer2_ISP (END)

             ; FUNCTION Servo_Attach (BEGIN)
                                           ; SOURCE LINE # 54
                                           ; SOURCE LINE # 55
                                           ; SOURCE LINE # 57
0000 E4                CLR     A
0001 900000      R     MOV     DPTR,#servoAngle
0004 F0                MOVX    @DPTR,A
0005 A3                INC     DPTR
0006 F0                MOVX    @DPTR,A
                                           ; SOURCE LINE # 59
0007 7B03              MOV     R3,#03H
0009 7D05              MOV     R5,#05H
000B 7F04              MOV     R7,#04H
000D 120000      E     LCALL   _pinMode
                                           ; SOURCE LINE # 60
0010 E4                CLR     A
0011 900000      E     MOV     DPTR,#?_digitalWrite?BYTE+03H
0014 F0                MOVX    @DPTR,A
0015 7B05              MOV     R3,#05H
0017 7D04              MOV     R5,#04H
0019 7F03              MOV     R7,#03H
001B 120000      E     LCALL   _digitalWrite
                                           ; SOURCE LINE # 62
001E 120000      R     LCALL   Timer0Init
                                           ; SOURCE LINE # 63
0021 120000      R     LCALL   Timer2Init
                                           ; SOURCE LINE # 65
0024 7F5A              MOV     R7,#05AH
0026 020000      R     LJMP    _Servo_SetAngle
             ; FUNCTION Servo_Attach (END)

             ; FUNCTION _Servo_SetAngle (BEGIN)
                                           ; SOURCE LINE # 69
0000 900000      R     MOV     DPTR,#Angle
0003 EF                MOV     A,R7
0004 F0                MOVX    @DPTR,A
                                           ; SOURCE LINE # 70
                                           ; SOURCE LINE # 71
0005 C3                CLR     C
0006 7480              MOV     A,#080H
0008 9480              SUBB    A,#080H
000A 5003              JNC     $ + 5H
000C 020000      R     LJMP    ?C0008
000F D3                SETB    C
0010 EF                MOV     A,R7
0011 94B4              SUBB    A,#0B4H
0013 7480              MOV     A,#080H
0015 9480              SUBB    A,#080H
0017 4003              JC      $ + 5H
0019 020000      R     LJMP    ?C0008
001C 900000      R     MOV     DPTR,#servoAngle
001F E0                MOVX    A,@DPTR
0020 7003              JNZ     ?C0011
0022 A3                INC     DPTR
0023 E0                MOVX    A,@DPTR
0024 6F                XRL     A,R7
0025         ?C0011:
0025 7003              JNZ     $ + 5H
0027 020000      R     LJMP    ?C0008
C51 COMPILER V9.59.0.0   SERVO                                                             10/27/2019 12:36:18 PAGE 5   

                                           ; SOURCE LINE # 74
002A C28C              CLR     TR0
                                           ; SOURCE LINE # 75
002C 538EEF            ANL     AUXR,#0EFH
                                           ; SOURCE LINE # 77
002F C2C5              CLR     servoPin
                                           ; SOURCE LINE # 78
0031 900000      R     MOV     DPTR,#Angle
0034 E0                MOVX    A,@DPTR
0035 FF                MOV     R7,A
0036 7E00              MOV     R6,#00H
0038 900000      R     MOV     DPTR,#servoAngle
003B EE                MOV     A,R6
003C F0                MOVX    @DPTR,A
003D A3                INC     DPTR
003E EF                MOV     A,R7
003F F0                MOVX    @DPTR,A
                                           ; SOURCE LINE # 79
0040 7C00              MOV     R4,#00H
0042 7D0A              MOV     R5,#0AH
0044 120000      E     LCALL   ?C?IMUL
0047 1D                DEC     R5
0048 120000      E     LCALL   ?C?SIDIV
004B EF                MOV     A,R7
004C 2432              ADD     A,#032H
004E FF                MOV     R7,A
004F E4                CLR     A
0050 3E                ADDC    A,R6
0051 AB07              MOV     R3,AR7
0053 FA                MOV     R2,A
0054 33                RLC     A
0055 95E0              SUBB    A,ACC
0057 F9                MOV     R1,A
0058 F8                MOV     R0,A
0059 7FA0              MOV     R7,#0A0H
005B 7E86              MOV     R6,#086H
005D 7D01              MOV     R5,#01H
005F 7C00              MOV     R4,#00H
0061 120000      E     LCALL   ?C?SLDIV
0064 900000      R     MOV     DPTR,#servoHighFreq
0067 EE                MOV     A,R6
0068 F0                MOVX    @DPTR,A
0069 A3                INC     DPTR
006A EF                MOV     A,R7
006B F0                MOVX    @DPTR,A
                                           ; SOURCE LINE # 80
006C 900000      R     MOV     DPTR,#Angle
006F E0                MOVX    A,@DPTR
0070 645A              XRL     A,#05AH
0072 7008              JNZ     ?C0009
                                           ; SOURCE LINE # 81
                                           ; SOURCE LINE # 82
0074 758A38            MOV     TL0,#038H
                                           ; SOURCE LINE # 83
0077 758C50            MOV     TH0,#050H
                                           ; SOURCE LINE # 84
007A 806A              SJMP    ?C0010
007C         ?C0009:
                                           ; SOURCE LINE # 86
                                           ; SOURCE LINE # 87
007C 900000      R     MOV     DPTR,#servoHighFreq
007F E0                MOVX    A,@DPTR
C51 COMPILER V9.59.0.0   SERVO                                                             10/27/2019 12:36:18 PAGE 6   

0080 FE                MOV     R6,A
0081 A3                INC     DPTR
0082 E0                MOVX    A,@DPTR
0083 FB                MOV     R3,A
0084 AA06              MOV     R2,AR6
0086 EA                MOV     A,R2
0087 33                RLC     A
0088 95E0              SUBB    A,ACC
008A F9                MOV     R1,A
008B F8                MOV     R0,A
008C 7F80              MOV     R7,#080H
008E 7EC3              MOV     R6,#0C3H
0090 7DC9              MOV     R5,#0C9H
0092 7C01              MOV     R4,#01H
0094 120000      E     LCALL   ?C?SLDIV
0097 C3                CLR     C
0098 E4                CLR     A
0099 9F                SUBB    A,R7
009A FF                MOV     R7,A
009B E4                CLR     A
009C 9E                SUBB    A,R6
009D FE                MOV     R6,A
009E 7401              MOV     A,#01H
00A0 9D                SUBB    A,R5
00A1 FD                MOV     R5,A
00A2 E4                CLR     A
00A3 9C                SUBB    A,R4
00A4 FC                MOV     R4,A
00A5 E4                CLR     A
00A6 FB                MOV     R3,A
00A7 7A01              MOV     R2,#01H
00A9 F9                MOV     R1,A
00AA F8                MOV     R0,A
00AB 120000      E     LCALL   ?C?SLDIV
00AE AF03              MOV     R7,AR3
00B0 8F8A              MOV     TL0,R7
                                           ; SOURCE LINE # 88
00B2 900000      R     MOV     DPTR,#servoHighFreq
00B5 E0                MOVX    A,@DPTR
00B6 FE                MOV     R6,A
00B7 A3                INC     DPTR
00B8 E0                MOVX    A,@DPTR
00B9 FB                MOV     R3,A
00BA AA06              MOV     R2,AR6
00BC EA                MOV     A,R2
00BD 33                RLC     A
00BE 95E0              SUBB    A,ACC
00C0 F9                MOV     R1,A
00C1 F8                MOV     R0,A
00C2 7F80              MOV     R7,#080H
00C4 7EC3              MOV     R6,#0C3H
00C6 7DC9              MOV     R5,#0C9H
00C8 7C01              MOV     R4,#01H
00CA 120000      E     LCALL   ?C?SLDIV
00CD C3                CLR     C
00CE E4                CLR     A
00CF 9F                SUBB    A,R7
00D0 FF                MOV     R7,A
00D1 E4                CLR     A
00D2 9E                SUBB    A,R6
00D3 FE                MOV     R6,A
00D4 7401              MOV     A,#01H
C51 COMPILER V9.59.0.0   SERVO                                                             10/27/2019 12:36:18 PAGE 7   

00D6 9D                SUBB    A,R5
00D7 FD                MOV     R5,A
00D8 E4                CLR     A
00D9 9C                SUBB    A,R4
00DA FC                MOV     R4,A
00DB E4                CLR     A
00DC FB                MOV     R3,A
00DD 7A01              MOV     R2,#01H
00DF F9                MOV     R1,A
00E0 F8                MOV     R0,A
00E1 120000      E     LCALL   ?C?SLDIV
00E4 8F8C              MOV     TH0,R7
                                           ; SOURCE LINE # 89
00E6         ?C0010:
                                           ; SOURCE LINE # 90
00E6 D2C5              SETB    servoPin
                                           ; SOURCE LINE # 92
00E8 D28C              SETB    TR0
                                           ; SOURCE LINE # 93
00EA 438E10            ORL     AUXR,#010H
                                           ; SOURCE LINE # 94
00ED         ?C0008:
00ED 22                RET     
             ; FUNCTION _Servo_SetAngle (END)



MODULE INFORMATION:   STATIC OVERLAYABLE
   CODE SIZE        =    327    ----
   CONSTANT SIZE    =   ----    ----
   XDATA SIZE       =      4       1
   PDATA SIZE       =   ----    ----
   DATA SIZE        =   ----    ----
   IDATA SIZE       =   ----    ----
   BIT SIZE         =   ----    ----
END OF MODULE INFORMATION.


C51 COMPILATION COMPLETE.  0 WARNING(S),  0 ERROR(S)
