C51 COMPILER V9.54   SENSOR                                                                03/09/2019 17:04:38 PAGE 1   


C51 COMPILER V9.54, COMPILATION OF MODULE SENSOR
OBJECT MODULE PLACED IN .\Objects\SENSOR.obj
COMPILER INVOKED BY: C:\Keil_v5\C51\BIN\C51.EXE HARDWARE\SENSOR.c LARGE OPTIMIZE(8,SPEED) BROWSE INCDIR(.\HARDWARE;.\LIB
                    -) DEBUG OBJECTEXTEND PRINT(.\Listings\SENSOR.lst) TABS(2) OBJECT(.\Objects\SENSOR.obj)

line level    source

   1          #include "STC15.h"
   2          #include "IO.h"
   3          #include "STDFUNC.h"
   4          #include "SENSOR.h"
   5          
   6          u8 sensorData[SENSOR_NUM] = {0};
   7          u8 sensorSample = 0;
   8          u8 isSensorInit = 0;
   9          
  10          //Init the Sensor
  11          void Sensor_Init()
  12          {
  13   1        if(isSensorInit)return;
  14   1        pinModeGroup(0, IO_MODE);
  15   1        Sensor_GetSample(); 
  16   1        isSensorInit = 1;
  17   1      }
  18          
  19          //Get Sensor Sample
  20          void Sensor_GetSample()
  21          {
  22   1        u8 i, sample;
  23   1        sample = 0;
  24   1        for(i = 0; i < 20; i++)
  25   1        {
  26   2          sample += digitalRead(IO_MODE, 0, L3);
  27   2          sample += digitalRead(IO_MODE, 0, R3);
  28   2        }
  29   1        //sensorSample = sample / 40;
  30   1        sensorSample = 0;
  31   1      }
  32          
  33          //Refresh Sensor Data
  34          void Sensor_RefreshData()
  35          {
  36   1        int i;
  37   1        for(i = 0; i < SENSOR_NUM; i++)
  38   1        {
  39   2          sensorData[i] = digitalRead(IO_MODE, 0, i) == sensorSample;
  40   2        }
  41   1      }
  42          
  43          //Get Single Sensor Data
  44          u8 Sensor_GetSingleData(u8 sensorID)
  45          {
  46   1        Sensor_RefreshData();
  47   1        return digitalRead(IO_MODE, 0, sensorID) == sensorSample;
  48   1      }
  49          
  50          //Get Sensor Data for PID
  51          int Sensor_GetData()
  52          {
  53   1        u8 i;
  54   1        int leftValue, rightValue;
C51 COMPILER V9.54   SENSOR                                                                03/09/2019 17:04:38 PAGE 2   

  55   1        leftValue = 0;
  56   1        rightValue = 0;
  57   1        Sensor_RefreshData();
  58   1        for(i = L0; i >= L3 ; i--)leftValue = maxInt(leftValue, (i == L3 ? sensorData[i] * 10 : sensorData[i] * (
             -(i - L3) * 20 + 10)));
  59   1        for(i = R0; i <= R3; i++)rightValue = maxInt(rightValue, (i == R3 ? sensorData[i] * 10 : sensorData[i] * 
             -((R3 - i) * 20 + 10)));
  60   1        return rightValue - leftValue;
  61   1      }
  62          


MODULE INFORMATION:   STATIC OVERLAYABLE
   CODE SIZE        =    416    ----
   CONSTANT SIZE    =   ----    ----
   XDATA SIZE       =     10      10
   PDATA SIZE       =   ----    ----
   DATA SIZE        =   ----    ----
   IDATA SIZE       =   ----    ----
   BIT SIZE         =   ----    ----
END OF MODULE INFORMATION.


C51 COMPILATION COMPLETE.  0 WARNING(S),  0 ERROR(S)
